Release 14.7 - xst P.20131013 (nt64)
Copyright (c) 1995-2013 Xilinx, Inc.  All rights reserved.
--> Parameter TMPDIR set to xst/projnav.tmp


Total REAL time to Xst completion: 0.00 secs
Total CPU time to Xst completion: 0.10 secs
 
--> Parameter xsthdpdir set to xst


Total REAL time to Xst completion: 0.00 secs
Total CPU time to Xst completion: 0.11 secs
 
--> Reading design: wrapper.prj

TABLE OF CONTENTS
  1) Synthesis Options Summary
  2) HDL Parsing
  3) HDL Elaboration
  4) HDL Synthesis
       4.1) HDL Synthesis Report
  5) Advanced HDL Synthesis
       5.1) Advanced HDL Synthesis Report
  6) Low Level Synthesis
  7) Partition Report
  8) Design Summary
       8.1) Primitive and Black Box Usage
       8.2) Device utilization summary
       8.3) Partition Resource Summary
       8.4) Timing Report
            8.4.1) Clock Information
            8.4.2) Asynchronous Control Signals Information
            8.4.3) Timing Summary
            8.4.4) Timing Details
            8.4.5) Cross Clock Domains Report


=========================================================================
*                      Synthesis Options Summary                        *
=========================================================================
---- Source Parameters
Input File Name                    : "wrapper.prj"
Ignore Synthesis Constraint File   : NO

---- Target Parameters
Output File Name                   : "wrapper"
Output Format                      : NGC
Target Device                      : xc7a100t-1-csg324

---- Source Options
Top Module Name                    : wrapper
Automatic FSM Extraction           : YES
FSM Encoding Algorithm             : Auto
Safe Implementation                : No
FSM Style                          : LUT
RAM Extraction                     : Yes
RAM Style                          : Auto
ROM Extraction                     : Yes
Shift Register Extraction          : YES
ROM Style                          : Auto
Resource Sharing                   : YES
Asynchronous To Synchronous        : NO
Shift Register Minimum Size        : 2
Use DSP Block                      : Auto
Automatic Register Balancing       : No

---- Target Options
LUT Combining                      : Auto
Reduce Control Sets                : Auto
Add IO Buffers                     : YES
Global Maximum Fanout              : 100000
Add Generic Clock Buffer(BUFG)     : 32
Register Duplication               : YES
Optimize Instantiated Primitives   : NO
Use Clock Enable                   : Auto
Use Synchronous Set                : Auto
Use Synchronous Reset              : Auto
Pack IO Registers into IOBs        : Auto
Equivalent register Removal        : YES

---- General Options
Optimization Goal                  : Speed
Optimization Effort                : 1
Power Reduction                    : NO
Keep Hierarchy                     : No
Netlist Hierarchy                  : As_Optimized
RTL Output                         : Yes
Global Optimization                : AllClockNets
Read Cores                         : YES
Write Timing Constraints           : NO
Cross Clock Analysis               : NO
Hierarchy Separator                : /
Bus Delimiter                      : <>
Case Specifier                     : Maintain
Slice Utilization Ratio            : 100
BRAM Utilization Ratio             : 100
DSP48 Utilization Ratio            : 100
Auto BRAM Packing                  : NO
Slice Utilization Ratio Delta      : 5

=========================================================================


=========================================================================
*                          HDL Parsing                                  *
=========================================================================
Analyzing Verilog file "D:\ISE\assgn5\Q2\dff.v" into library work
Parsing module <dff>.
Analyzing Verilog file "D:\ISE\assgn5\Q2\clock_divider.v" into library work
Parsing module <clock_divider>.
Analyzing Verilog file "D:\ISE\assgn5\Q2\add_by_one_optimized_CLA.v" into library work
Parsing module <add_by_one_optimized_CLA>.
Analyzing Verilog file "D:\ISE\assgn5\Q2\wrapper.v" into library work
Parsing module <wrapper>.

=========================================================================
*                            HDL Elaboration                            *
=========================================================================

Elaborating module <wrapper>.

Elaborating module <clock_divider>.

Elaborating module <dff>.

Elaborating module <add_by_one_optimized_CLA>.
WARNING:HDLCompiler:552 - "D:\ISE\assgn5\Q2\wrapper.v" Line 45: Input port rst is not connected on this instance

=========================================================================
*                           HDL Synthesis                               *
=========================================================================

Synthesizing Unit <wrapper>.
    Related source file is "D:\ISE\assgn5\Q2\wrapper.v".
WARNING:Xst:2898 - Port 'rst', unconnected in block instance 'd1', is tied to GND.
    Summary:
	no macro.
Unit <wrapper> synthesized.

Synthesizing Unit <clock_divider>.
    Related source file is "D:\ISE\assgn5\Q2\clock_divider.v".
        max_cnt = 2500000
    Found 1-bit register for signal <clk_out>.
    Found 32-bit register for signal <curr_cnt>.
    Found 32-bit adder for signal <curr_cnt[31]_GND_2_o_add_2_OUT> created at line 44.
    Summary:
	inferred   1 Adder/Subtractor(s).
	inferred  33 D-type flip-flop(s).
Unit <clock_divider> synthesized.

Synthesizing Unit <dff>.
    Related source file is "D:\ISE\assgn5\Q2\dff.v".
    Found 1-bit register for signal <Q>.
    Summary:
	inferred   1 D-type flip-flop(s).
Unit <dff> synthesized.

Synthesizing Unit <add_by_one_optimized_CLA>.
    Related source file is "D:\ISE\assgn5\Q2\add_by_one_optimized_CLA.v".
    Summary:
Unit <add_by_one_optimized_CLA> synthesized.

=========================================================================
HDL Synthesis Report

Macro Statistics
# Adders/Subtractors                                   : 1
 32-bit adder                                          : 1
# Registers                                            : 7
 1-bit register                                        : 6
 32-bit register                                       : 1
# Xors                                                 : 3
 1-bit xor2                                            : 3

=========================================================================

=========================================================================
*                       Advanced HDL Synthesis                          *
=========================================================================


Synthesizing (advanced) Unit <clock_divider>.
The following registers are absorbed into counter <curr_cnt>: 1 register on signal <curr_cnt>.
Unit <clock_divider> synthesized (advanced).

=========================================================================
Advanced HDL Synthesis Report

Macro Statistics
# Counters                                             : 1
 32-bit up counter                                     : 1
# Registers                                            : 6
 Flip-Flops                                            : 6
# Xors                                                 : 3
 1-bit xor2                                            : 3

=========================================================================

=========================================================================
*                         Low Level Synthesis                           *
=========================================================================

Optimizing unit <wrapper> ...

Mapping all equations...
Building and optimizing final netlist ...
Found area constraint ratio of 100 (+ 5) on block wrapper, actual ratio is 0.

Final Macro Processing ...

=========================================================================
Final Register Report

Macro Statistics
# Registers                                            : 38
 Flip-Flops                                            : 38

=========================================================================

=========================================================================
*                           Partition Report                            *
=========================================================================

Partition Implementation Status
-------------------------------

  No Partitions were found in this design.

-------------------------------

=========================================================================
*                            Design Summary                             *
=========================================================================

Top Level Output File Name         : wrapper.ngc

Primitive and Black Box Usage:
------------------------------
# BELS                             : 126
#      GND                         : 1
#      INV                         : 2
#      LUT1                        : 31
#      LUT2                        : 20
#      LUT3                        : 1
#      LUT4                        : 1
#      LUT6                        : 6
#      MUXCY                       : 31
#      VCC                         : 1
#      XORCY                       : 32
# FlipFlops/Latches                : 38
#      FD                          : 19
#      FDR                         : 19
# Clock Buffers                    : 1
#      BUFGP                       : 1
# IO Buffers                       : 5
#      IBUF                        : 1
#      OBUF                        : 4

Device utilization summary:
---------------------------

Selected Device : 7a100tcsg324-1 


Slice Logic Utilization: 
 Number of Slice Registers:              38  out of  126800     0%  
 Number of Slice LUTs:                   61  out of  63400     0%  
    Number used as Logic:                61  out of  63400     0%  

Slice Logic Distribution: 
 Number of LUT Flip Flop pairs used:     62
   Number with an unused Flip Flop:      24  out of     62    38%  
   Number with an unused LUT:             1  out of     62     1%  
   Number of fully used LUT-FF pairs:    37  out of     62    59%  
   Number of unique control sets:         3

IO Utilization: 
 Number of IOs:                           6
 Number of bonded IOBs:                   6  out of    210     2%  

Specific Feature Utilization:
 Number of BUFG/BUFGCTRLs:                1  out of     32     3%  

---------------------------
Partition Resource Summary:
---------------------------

  No Partitions were found in this design.

---------------------------


=========================================================================
Timing Report

NOTE: THESE TIMING NUMBERS ARE ONLY A SYNTHESIS ESTIMATE.
      FOR ACCURATE TIMING INFORMATION PLEASE REFER TO THE TRACE REPORT
      GENERATED AFTER PLACE-and-ROUTE.

Clock Information:
------------------
-----------------------------------+------------------------+-------+
Clock Signal                       | Clock buffer(FF name)  | Load  |
-----------------------------------+------------------------+-------+
d1/Q                               | NONE(d5/Q)             | 4     |
clk                                | BUFGP                  | 34    |
-----------------------------------+------------------------+-------+
INFO:Xst:2169 - HDL ADVISOR - Some clock signals were not automatically buffered by XST with BUFG/BUFR resources. Please use the buffer_type constraint in order to insert these buffers to the clock signals to help prevent skew problems.

Asynchronous Control Signals Information:
----------------------------------------
No asynchronous control signals found in this design

Timing Summary:
---------------
Speed Grade: -1

   Minimum period: 3.636ns (Maximum Frequency: 275.046MHz)
   Minimum input arrival time before clock: 0.914ns
   Maximum output required time after clock: 0.904ns
   Maximum combinational path delay: No path found

Timing Details:
---------------
All values displayed in nanoseconds (ns)

=========================================================================
Timing constraint: Default period analysis for Clock 'd1/Q'
  Clock period: 1.479ns (frequency: 676.133MHz)
  Total number of paths / destination ports: 10 / 4
-------------------------------------------------------------------------
Delay:               1.479ns (Levels of Logic = 1)
  Source:            d2/Q (FF)
  Destination:       d2/Q (FF)
  Source Clock:      d1/Q rising
  Destination Clock: d1/Q rising

  Data Path: d2/Q to d2/Q
                                Gate     Net
    Cell:in->out      fanout   Delay   Delay  Logical Name (Net Name)
    ----------------------------------------  ------------
     FDR:C->Q              5   0.478   0.426  d2/Q (d2/Q)
     INV:I->O              1   0.146   0.399  CLA1/out<0>1_INV_0 (upcounter_net<0>)
     FDR:D                     0.030          d2/Q
    ----------------------------------------
    Total                      1.479ns (0.654ns logic, 0.825ns route)
                                       (44.2% logic, 55.8% route)

=========================================================================
Timing constraint: Default period analysis for Clock 'clk'
  Clock period: 3.636ns (frequency: 275.046MHz)
  Total number of paths / destination ports: 1586 / 49
-------------------------------------------------------------------------
Delay:               3.636ns (Levels of Logic = 2)
  Source:            cd1/curr_cnt_25 (FF)
  Destination:       cd1/curr_cnt_17 (FF)
  Source Clock:      clk rising
  Destination Clock: clk rising

  Data Path: cd1/curr_cnt_25 to cd1/curr_cnt_17
                                Gate     Net
    Cell:in->out      fanout   Delay   Delay  Logical Name (Net Name)
    ----------------------------------------  ------------
     FDR:C->Q              2   0.478   0.945  cd1/curr_cnt_25 (cd1/curr_cnt_25)
     LUT6:I0->O            1   0.124   0.919  cd1/curr_cnt[31]_GND_2_o_equal_2_o<31>5 (cd1/curr_cnt[31]_GND_2_o_equal_2_o<31>4)
     LUT6:I1->O           33   0.124   0.552  cd1/curr_cnt[31]_GND_2_o_equal_2_o<31>7 (cd1/curr_cnt[31]_GND_2_o_equal_2_o)
     FDR:R                     0.494          cd1/curr_cnt_17
    ----------------------------------------
    Total                      3.636ns (1.220ns logic, 2.416ns route)
                                       (33.6% logic, 66.4% route)

=========================================================================
Timing constraint: Default OFFSET IN BEFORE for Clock 'd1/Q'
  Total number of paths / destination ports: 4 / 4
-------------------------------------------------------------------------
Offset:              0.914ns (Levels of Logic = 1)
  Source:            rst (PAD)
  Destination:       d5/Q (FF)
  Destination Clock: d1/Q rising

  Data Path: rst to d5/Q
                                Gate     Net
    Cell:in->out      fanout   Delay   Delay  Logical Name (Net Name)
    ----------------------------------------  ------------
     IBUF:I->O             4   0.001   0.419  rst_IBUF (rst_IBUF)
     FDR:R                     0.494          d5/Q
    ----------------------------------------
    Total                      0.914ns (0.495ns logic, 0.419ns route)
                                       (54.2% logic, 45.8% route)

=========================================================================
Timing constraint: Default OFFSET OUT AFTER for Clock 'd1/Q'
  Total number of paths / destination ports: 4 / 4
-------------------------------------------------------------------------
Offset:              0.904ns (Levels of Logic = 1)
  Source:            d2/Q (FF)
  Destination:       cnt_out<0> (PAD)
  Source Clock:      d1/Q rising

  Data Path: d2/Q to cnt_out<0>
                                Gate     Net
    Cell:in->out      fanout   Delay   Delay  Logical Name (Net Name)
    ----------------------------------------  ------------
     FDR:C->Q              5   0.478   0.426  d2/Q (d2/Q)
     OBUF:I->O                 0.000          cnt_out_0_OBUF (cnt_out<0>)
    ----------------------------------------
    Total                      0.904ns (0.478ns logic, 0.426ns route)
                                       (52.9% logic, 47.1% route)

=========================================================================

Cross Clock Domains Report:
--------------------------

Clock to Setup on destination clock clk
---------------+---------+---------+---------+---------+
               | Src:Rise| Src:Fall| Src:Rise| Src:Fall|
Source Clock   |Dest:Rise|Dest:Rise|Dest:Fall|Dest:Fall|
---------------+---------+---------+---------+---------+
clk            |    3.636|         |         |         |
---------------+---------+---------+---------+---------+

Clock to Setup on destination clock d1/Q
---------------+---------+---------+---------+---------+
               | Src:Rise| Src:Fall| Src:Rise| Src:Fall|
Source Clock   |Dest:Rise|Dest:Rise|Dest:Fall|Dest:Fall|
---------------+---------+---------+---------+---------+
d1/Q           |    1.479|         |         |         |
---------------+---------+---------+---------+---------+

=========================================================================


Total REAL time to Xst completion: 8.00 secs
Total CPU time to Xst completion: 8.44 secs
 
--> 

Total memory usage is 4689528 kilobytes

Number of errors   :    0 (   0 filtered)
Number of warnings :    2 (   0 filtered)
Number of infos    :    1 (   0 filtered)

